// Jest Snapshot v1, https://goo.gl/fbAQLP

exports[`Should Match Snapshot 1`] = `
<div
  className="container-fluid pull-down "
>
  <div
    className="row justify-content-md-center"
  >
    <div
      className="col-md-10"
    >
      <fieldset>
        <div
          className="card"
        >
          <div
            className="card-body justify-content-center"
          >
            <h4
              className="card-title text-center"
            />
            <hr />
            <hr />
            <h4
              className="card-text text-center text-primary"
            >
              Holis... Bienvenido al sitio Comunitario's Jes's
            </h4>
          </div>
        </div>
      </fieldset>
    </div>
  </div>
</div>
`;
